
Allocating common symbols
Common symbol       size              file

x                   0x190             main.o

Memory Configuration

Name             Origin             Length             Attributes
flash            0x0000000008000000 0x0000000000020000 xr
sram             0x0000000020000000 0x0000000000005000 xrw
*default*        0x0000000000000000 0xffffffffffffffff

Linker script and memory map


.text           0x0000000008000000      0x128
 *(.vectors*)
 .vectors       0x0000000008000000       0x1c startup.o
                0x0000000008000000                vectors
 *(.text*)
 .text          0x000000000800001c       0x7c main.o
                0x000000000800001c                main
 .text          0x0000000008000098       0x90 startup.o
                0x0000000008000098                H_Fault_Handler
                0x0000000008000098                MM_Fault_Handler
                0x0000000008000098                Usage_Fault_Handler
                0x0000000008000098                Bus_Fault
                0x0000000008000098                Default_Handler
                0x0000000008000098                NMI_Handler
                0x00000000080000a4                Reset_Handler
 *(.rodata*)
                0x0000000008000128                _E_text = .

.glue_7         0x0000000008000128        0x0
 .glue_7        0x0000000008000128        0x0 linker stubs

.glue_7t        0x0000000008000128        0x0
 .glue_7t       0x0000000008000128        0x0 linker stubs

.vfp11_veneer   0x0000000008000128        0x0
 .vfp11_veneer  0x0000000008000128        0x0 linker stubs

.v4_bx          0x0000000008000128        0x0
 .v4_bx         0x0000000008000128        0x0 linker stubs

.iplt           0x0000000008000128        0x0
 .iplt          0x0000000008000128        0x0 main.o

.rel.dyn        0x0000000008000128        0x0
 .rel.iplt      0x0000000008000128        0x0 main.o

.data           0x0000000020000000       0x14 load address 0x0000000008000128
                0x0000000020000000                _S_DATA = .
 *(.data*)
 .data          0x0000000020000000       0x14 main.o
                0x0000000020000000                name
                0x0000000020000010                R_ODR
 .data          0x0000000020000014        0x0 startup.o
                0x0000000020000014                . = ALIGN (0x4)
                0x0000000020000014                _E_DATA = .

.igot.plt       0x0000000020000014        0x0 load address 0x000000000800013c
 .igot.plt      0x0000000020000014        0x0 main.o

.bss            0x0000000020000014     0x1190 load address 0x000000000800013c
                0x0000000020000014                _S_bss = .
 *(.bss*)
 .bss           0x0000000020000014        0x0 main.o
 .bss           0x0000000020000014        0x0 startup.o
                0x0000000020000014                _E_bss = .
                0x0000000020000014                . = ALIGN (0x4)
                0x0000000020001014                . = (. + 0x1000)
 *fill*         0x0000000020000014     0x1000 
                0x0000000020001014                _stack_top = .
 COMMON         0x0000000020001014      0x190 main.o
                0x0000000020001014                x
LOAD main.o
LOAD startup.o
OUTPUT(learn-in-depth-cortex-m3.elf elf32-littlearm)

.debug_info     0x0000000000000000      0x325
 .debug_info    0x0000000000000000      0x195 main.o
 .debug_info    0x0000000000000195      0x190 startup.o

.debug_abbrev   0x0000000000000000      0x1d1
 .debug_abbrev  0x0000000000000000       0xfb main.o
 .debug_abbrev  0x00000000000000fb       0xd6 startup.o

.debug_loc      0x0000000000000000       0xb4
 .debug_loc     0x0000000000000000       0x38 main.o
 .debug_loc     0x0000000000000038       0x7c startup.o

.debug_aranges  0x0000000000000000       0x40
 .debug_aranges
                0x0000000000000000       0x20 main.o
 .debug_aranges
                0x0000000000000020       0x20 startup.o

.debug_line     0x0000000000000000      0x3d3
 .debug_line    0x0000000000000000      0x1e1 main.o
 .debug_line    0x00000000000001e1      0x1f2 startup.o

.debug_str      0x0000000000000000      0x1ec
 .debug_str     0x0000000000000000      0x176 main.o
                                        0x1b8 (size before relaxing)
 .debug_str     0x0000000000000176       0x76 startup.o
                                        0x201 (size before relaxing)

.comment        0x0000000000000000       0x7b
 .comment       0x0000000000000000       0x7b main.o
                                         0x7c (size before relaxing)
 .comment       0x000000000000007b       0x7c startup.o

.ARM.attributes
                0x0000000000000000       0x33
 .ARM.attributes
                0x0000000000000000       0x33 main.o
 .ARM.attributes
                0x0000000000000033       0x33 startup.o

.debug_frame    0x0000000000000000       0x7c
 .debug_frame   0x0000000000000000       0x2c main.o
 .debug_frame   0x000000000000002c       0x50 startup.o
